  Page    1                                                                                                      
  Micro Focus Assembler version  V3.0.18  07/21/04 Listing as of 06/16/05 09.50
  ESD NAME     TYPE ADDRESS LENGTH
 0002 FMT001A0  SD   000000 0000D0
 0003 FMT001A1  ER                
 0004 FMT001A2  ER                
 0005 FMT001A3  ER                
 Page    2                                                                                                      
  Micro Focus Assembler version  V3.0.18  07/21/04 Listing as of 06/16/05 09.50
    LOC DATA               ADR1   ADR2   LINE LABEL    OP       OPERANDS
                                            1 *********************************************************************
                                            2 *  FMT001A0  TEST PROGRAM - CONTROL MODULE                          *
                                            3 *********************************************************************
                                            4 *
 000000                                     5          REGEQU
 000000                       00000000      6+R0       EQU   0
 000000                       00000001      7+R1       EQU   1
 000000                       00000002      8+R2       EQU   2
 000000                       00000003      9+R3       EQU   3
 000000                       00000004     10+R4       EQU   4
 000000                       00000005     11+R5       EQU   5
 000000                       00000006     12+R6       EQU   6
 000000                       00000007     13+R7       EQU   7
 000000                       00000008     14+R8       EQU   8
 000000                       00000009     15+R9       EQU   9
 000000                       0000000A     16+R10      EQU   10
 000000                       0000000B     17+R11      EQU   11
 000000                       0000000C     18+R12      EQU   12
 000000                       0000000D     19+R13      EQU   13
 000000                       0000000E     20+R14      EQU   14
 000000                       0000000F     21+R15      EQU   15
                                           22 *
                                           23 *        PRINT NOGEN                                                   
 000000                                    24 FMT001A0 CSECT
 000000 90ECD00C                00000C     25          STM   R14,R12,12(R13) 
 000004 183F                               26          LR    R3,R15 
 000006                                    27          USING FMT001A0,R3 
 000006 50D03074                000074     28          ST    R13,WSAVE+4 
 00000A 41E03070                000070     29          LA    R14,WSAVE 
 00000E 50ED0008                000008     30          ST    R14,8(R13) 
 000012 41D03070                000070     31          LA    R13,WSAVE 
                                           32 *
 000016 F83030C030C9     0000C0 0000C9     33          ZAP   WTOTAL,=P'0' 
 00001C FA3030B830C8     0000B8 0000C8     34          AP    WCT,=P'1' 
 000022 FA3030BC30C8     0000BC 0000C8     35          AP    WNUM,=P'1' 
                                           36 *
 000028                                    37          CALL  FMT001A1 
 000028                                    38+         DS    0H
 000028                                    39+         CNOP  0,4
 000028 45F03030                000030     40+         BAL   15,*+8
 00002C 00000000                           41+         DC    V(FMT001A1)
 000030 58FF0000                000000     42+         L     15,0(15)
 000034 05EF                               43+         BALR  14,15
 000036                                    44          CALL  FMT001A2 
 000036                                    45+         DS    0H
 000036 0700                               46+         CNOP  0,4
 000038 45F03040                000040     47+         BAL   15,*+8
 00003C 00000000                           48+         DC    V(FMT001A2)
 000040 58FF0000                000000     49+         L     15,0(15)
 000044 05EF                               50+         BALR  14,15
 000046                                    51          CALL  FMT001A3 
 000046                                    52+         DS    0H
 000046 0700                               53+         CNOP  0,4
 000048 45F03050                000050     54+         BAL   15,*+8
 00004C 00000000                           55+         DC    V(FMT001A3)
 Page    3                                                                                                      
  Micro Focus Assembler version  V3.0.18  07/21/04 Listing as of 06/16/05 09.50
    LOC DATA               ADR1   ADR2   LINE LABEL    OP       OPERANDS
 000050 58FF0000                000000     56+         L     15,0(15)
 000054 05EF                               57+         BALR  14,15
                                           58 *
 000056 58D03074                000074     59          L     R13,WSAVE+4 
 00005A 98ECD00C                00000C     60          LM    R14,R12,12(R13) 
 00005E 1FFF                               61          SLR   R15,R15 
 000060 07FE                               62          BR    R14 
                                           63 *
                                           64 *              WORKAREAS                                               
 000068                                    65 WDUB     DS    D 
 000070 0000000000000000                   66 WSAVE    DC    18F'0' 
                                           67 *
 0000B8 0000000C                           68 WCT      DC    PL4'0'                      COUNT                       
 0000BC 0000000C                           69 WNUM     DC    PL4'0'                      NO OF CREDIT TRANS          
 0000C0 0000000C                           70 WTOTAL   DC    PL4'0'                      AMOUNT                      
 0000C4 00000000                           71 
 0000C8                                    71          LTORG
 0000C8 1C                                 71                =P'1' 
 0000C9 0C                                 71                =P'0' 
                                           72 *
 000000                                    73          END
 Page    4                                                                                                      
  Micro Focus Assembler version  V3.0.18  07/21/04 Listing as of 06/16/05 09.50
 SEG   ADDRESS  LENGTH SIGN  RLD
 0002  00002C   04     +    0003
 0002  00003C   04     +    0004
 0002  00004C   04     +    0005
 Page    5                                                                                                      
  Micro Focus Assembler version  V3.0.18  07/21/04 Listing as of 06/16/05 09.50
 SYMBOL       VALUE LENGTH TYPE  EID   DEF  XREF
 $$CSECT   00000000 000000  CST 0001     6(2/3)
 FMT001A0  00000000 0000D0  CST 0002    24(1/8) 27(1/11)
 FMT001A1  00000000 000001  EXT 0003       41(3/159)
 FMT001A2  00000000 000001  EXT 0004       48(3/159)
 FMT001A3  00000000 000001  EXT 0005       55(3/159)
 R0        00000000 000001  ABS 0000     6(2/3)
 R1        00000001 000001  ABS 0000     7(2/4)
 R10       0000000A 000001  ABS 0000    16(2/13)
 R11       0000000B 000001  ABS 0000    17(2/14)
 R12       0000000C 000001  ABS 0000    18(2/15) 25(1/9) 60(1/26)
 R13       0000000D 000001  ABS 0000    19(2/16) 25(1/9) 28(1/12) 30(1/14) 31(1/15) 59(1/25) 60(1/26)
 R14       0000000E 000001  ABS 0000    20(2/17) 25(1/9) 29(1/13) 30(1/14) 60(1/26) 62(1/28)
 R15       0000000F 000001  ABS 0000    21(2/18) 26(1/10) 61(1/27)
 R2        00000002 000001  ABS 0000     8(2/5)
 R3        00000003 000001  ABS 0000     9(2/6) 26(1/10) 27(1/11)
 R4        00000004 000001  ABS 0000    10(2/7)
 R5        00000005 000001  ABS 0000    11(2/8)
 R6        00000006 000001  ABS 0000    12(2/9)
 R7        00000007 000001  ABS 0000    13(2/10)
 R8        00000008 000001  ABS 0000    14(2/11)
 R9        00000009 000001  ABS 0000    15(2/12)
 WCT       000000B8 000004  REL 0002    68(1/34) 34(1/18)
 WDUB      00000068 000008  REL 0002    65(1/31)
 WNUM      000000BC 000004  REL 0002    69(1/35) 35(1/19)
 WSAVE     00000070 000004  REL 0002    66(1/32) 28(1/12) 29(1/13) 31(1/15) 59(1/25)
 WTOTAL    000000C0 000004  REL 0002    70(1/36) 33(1/17)
 Page    6                                                                                                      
  Micro Focus Assembler version  V3.0.18  07/21/04 Listing as of 06/16/05 09.50
 LITERAL      VALUE LENGTH TYPE  EID   DEF  XREF
 =P'0'     000000C9 000001  REL 0002    71(1/37) 33(1/17)
 =P'1'     000000C8 000001  REL 0002    71(1/37) 34(1/18) 35(1/19)
 
MM370ASM      0 errors found - end of processing
